// Jest Snapshot v1, https://goo.gl/fbAQLP

exports[`App component App to match snapshot 1`] = `
Object {
  "asFragment": [Function],
  "baseElement": <body>
    <div>
      <section
        class="main-container"
        role="main"
      >
        <h1
          class="title"
        >
          Search Books
        </h1>
        <div
          class="form-search"
        >
          <div>
            <input
              aria-label="Search box"
              aria-required="true"
              class="search-input"
              name="book-search"
              placeholder="Enter summary of book"
              type="text"
              value=""
            />
            <button
              class="form-submit-btn"
              disabled=""
            >
              Submit
            </button>
          </div>
        </div>
        <ul
          class="books-list"
        />
      </section>
    </div>
  </body>,
  "container": <div>
    <section
      class="main-container"
      role="main"
    >
      <h1
        class="title"
      >
        Search Books
      </h1>
      <div
        class="form-search"
      >
        <div>
          <input
            aria-label="Search box"
            aria-required="true"
            class="search-input"
            name="book-search"
            placeholder="Enter summary of book"
            type="text"
            value=""
          />
          <button
            class="form-submit-btn"
            disabled=""
          >
            Submit
          </button>
        </div>
      </div>
      <ul
        class="books-list"
      />
    </section>
  </div>,
  "debug": [Function],
  "findAllByAltText": [Function],
  "findAllByDisplayValue": [Function],
  "findAllByLabelText": [Function],
  "findAllByPlaceholderText": [Function],
  "findAllByRole": [Function],
  "findAllByTestId": [Function],
  "findAllByText": [Function],
  "findAllByTitle": [Function],
  "findByAltText": [Function],
  "findByDisplayValue": [Function],
  "findByLabelText": [Function],
  "findByPlaceholderText": [Function],
  "findByRole": [Function],
  "findByTestId": [Function],
  "findByText": [Function],
  "findByTitle": [Function],
  "getAllByAltText": [Function],
  "getAllByDisplayValue": [Function],
  "getAllByLabelText": [Function],
  "getAllByPlaceholderText": [Function],
  "getAllByRole": [Function],
  "getAllByTestId": [Function],
  "getAllByText": [Function],
  "getAllByTitle": [Function],
  "getByAltText": [Function],
  "getByDisplayValue": [Function],
  "getByLabelText": [Function],
  "getByPlaceholderText": [Function],
  "getByRole": [Function],
  "getByTestId": [Function],
  "getByText": [Function],
  "getByTitle": [Function],
  "queryAllByAltText": [Function],
  "queryAllByDisplayValue": [Function],
  "queryAllByLabelText": [Function],
  "queryAllByPlaceholderText": [Function],
  "queryAllByRole": [Function],
  "queryAllByTestId": [Function],
  "queryAllByText": [Function],
  "queryAllByTitle": [Function],
  "queryByAltText": [Function],
  "queryByDisplayValue": [Function],
  "queryByLabelText": [Function],
  "queryByPlaceholderText": [Function],
  "queryByRole": [Function],
  "queryByTestId": [Function],
  "queryByText": [Function],
  "queryByTitle": [Function],
  "rerender": [Function],
  "unmount": [Function],
}
`;
